---
source: notify/src/event.rs
expression: json
---
{"remove":{"kind":"folder"}}
