---
source: notify/src/event.rs
expression: json
---
{"create":{"kind":"any"}}
