---
source: notify/src/event.rs
expression: json
---
{"modify":{"kind":"data","mode":"any"}}
