---
source: notify/src/event.rs
expression: json
---
{"modify":{"kind":"metadata","mode":"any"}}
