---
source: notify/src/event.rs
expression: json
---
"other"
