---
source: notify/src/event.rs
expression: json
---
{"access":{"kind":"close","mode":"write"}}
