---
source: notify/src/event.rs
expression: json
---
{"modify":{"kind":"any"}}
