---
source: notify/src/event.rs
expression: json
---
{"access":{"kind":"open","mode":"execute"}}
