---
source: notify/src/event.rs
expression: json
---
{"type":"any","paths":[],"attrs":{"tracker":123,"flag":"Rescan","info":"test event"}}
