---
source: notify/src/event.rs
expression: json
---
{"modify":{"kind":"rename","mode":"from"}}
